O"Hello, World!"
F"freemode" 
    P"61 ? ? ? 48 ? ? 72 2C ? ? ? 5D ? ? ?"                    +1   A ="GSBD"
    P"61 ? ? ? 36 ? 38 ? 2F"                                   +1   A ="GSBD_Kicking"
    P"61 ? ? ? 41 ? 38 ? 30 61 ? ? ? 41 ?"                     +1   A ="GSBD_FM_events"
    P"61 ? ? ? 49 ? ? 41 ? 25 ? 08 39 ?"                       +1   A ="GPBD_FM,"             +4 W ="GPBD_FM, size"              +3 B ="GPBD_FM, playerinfo offset"
    P"5D ? ? ? 58 ? ? 38 ? 61 ? ? ? 49 ? ? 41 ? 56 ? ? 72 2E"  +10  A ="GlobalPlayerBD"       +4 W ="GlobalPlayerBD size"        +3 B ="GlobalPlayerBD offradar offset"
    P"61 ? ? ? 49 ? ? 47 ? ? 08 2A"                            +1   A ="GPBD_FM_3"            +4 W ="GPBD_FM_3 size"             +3 W ="Player TSE replay prevention offset"
    P"2C ? ? ? 61 ? ? ? 41 ? 2C ? ? ? 5B"                      +5   A ="Offradar time global" +4 B ="Offradar time offset"
    P"61 ? ? ? 47 ? ? 72 71 71 71 38"                          +1   A ="Mechanic global"      +4 W ="Mechanic veh index offset"
    P"38 02 61 ? ? ? 34 ? 40 ? 74 2C ? ? ? 38 ? 3D 01"         +3   A ="Vehicle global"       +4 B ="Vehicle global size"        +2 B ="Vehicle global flags offset"
    P"53 ? ? 72 57 ? ? 2E"                                     +1   W ="Disable phone"
    P"62 ? ? ? 06 1F 56 ? ? 71 2E ? ? 2C ? ? ? 71"             +1   A ="External vehicle spawn"
    P"61 ? ? ? 40 ? 34 ? 41 ? 73 57 ? ? 29 ? ? ? ?"            +1   A ="am_launcher broadcast global"
    P"61 ? ? ? 41 ? 38 ? 30 61 ? ? ? 41 ?"                     +1   A ="TSE replay prevention"
    P"62 ? ? ? 06 56 ? ? 38 ? 75"                              +1   A ="g_bInMultiplayer"
    P"61 ? ? ? 41 ? 71 09 2A 06 56 ? ? 38 ?"                   +1   A ="Switch struct"

F"main_persistent"
    P"63 ? ? ? 71 5D ? ? ? 5D ? ? ? 71 57 ? ? 72 5D ? ? ? 5D ? ? ? 71 63 ? ? ?" +1 A ="Join session type"
    P"61 ? ? ? 73 2C ? ? ? 2E ? ?"                                              +1 A ="Join session trigger"

F"flow_controller"
    P"61 ? ? ? 46 ? ? 40 ? 35 ? 72 82 56 ? ? 71" +1 A ="SP save structure"
    P"61 ? ? ? 34 ? 41 ? 39 ? 5D ? ? ?"          +1 A ="Mission definition global"
    P"61 ? ? ? 46 ? ? 35 ? 39 ? 38 ? 61 ? ? ?"   +1 A ="Flow global"                +4 W ="Backup strand positions"
    P"52 ? ? 35 ? 2E ? ?"                        +1 W ="Character struct"
    P"53 ? ? 38 ? 08"                            +1 W ="SP gamestate"

F"fm_mission_controller"
    P"4F ? ? 46 ? ? 35 ? 38 ? 61 ? ? ? 40 ? 36 ? 38 ? 4F ? ? 46 ? ? 35 ? 38 ? 61 ? ? ? 40 ? 36 ? 38 ? 4F ? ? 46 ? ? 35 ? 38 ? 61 ? ? ? 40 ? 36 ? 38 ? 4F ? ? 46 ? ? 35 ? 38 ? 61 ? ? ? 40 ? 36 ? 38 ? 3D ?"
        +1 W="MC_serverBD" 
        +3 W ="Team score offset"

F"fm_mission_controller_2020"
    P"4F ? ? 46 ? ? 37 ? 72 5D ? ? ? 38 ?" +1 W="MC_serverBD 2020" +3 W ="Team score offset 2020"

F"am_hunt_the_beast"
    P"4F ? ? 40 ? 4F ? ? 40 ? 2C" +1 W ="Broadcast local"