O"Hello, World!"
F"freemode" 
    P"5E ? ? ? 41 03 57 ? ? 5E"                                +1   A ="GSBD"
    P"5E ? ? ? 36 ? 38 ? 2F"                                   +1   A ="GSBD_Kicking"
    P"5E ? ? ? 41 ? 38 ? 30 5E ? ? ? 41 ?"                     +1   A ="GSBD_FM_events"
    P"5D ? ? ? 58 ? ? 38 ? 5E ? ? ? 49 ? ? 41 ? 56 ? ? 6F 2E"  +10  A ="GlobalPlayerBD"       +4 W ="GlobalPlayerBD size"        +3 B ="GlobalPlayerBD offradar offset"
    P"5E ? ? ? 49 ? ? 47 ? ? 08 2A"                            +1   A ="GPBD_FM_3"            +4 W ="GPBD_FM_3 size"             +3 W ="Player TSE replay prevention offset"
    P"2C ? ? ? 5E ? ? ? 41 ? 2C ? ? ? 5B"                      +5   A ="Offradar time global" +4 B ="Offradar time offset"
    P"5E ? ? ? 47 ? ? 6F 6E 6E 6E 38"                          +1   A ="Mechanic global"      +4 W ="Mechanic veh index offset"
    P"38 02 5E ? ? ? 34 ? 40 ? 71 2C ? ? ? 38 ? 3D 01"         +3   A ="Vehicle global"       +4 B ="Vehicle global size"        +2 B ="Vehicle global flags offset"
    P"53 ? ? 6F 57 ? ? 2E"                                     +1   W ="Disable phone"
    P"5F ? ? ? 06 1F 56 ? ? 6E 2E ? ? 2C ? ? ? 6E"             +1   A ="External vehicle spawn"
    P"5E ? ? ? 40 ? 34 ? 41 ? 70 57 ? ? 29 ? ? ? ?"            +1   A ="am_launcher broadcast global"
    P"5E ? ? ? 41 ? 38 ? 30 5E ? ? ? 41 ?"                     +1   A ="TSE replay prevention"

F"main_persistent"
    P"60 ? ? ? 6E 5D ? ? ? 5D ? ? ? 6E 57 ? ? 6F 5D ? ? ? 5D ? ? ? 6E 60 ? ? ?" +1 A ="Join session type"
    P"5E ? ? ? 73 2C ? ? ? 2E ? ?"                                              +1 A ="Join session trigger"

F"flow_controller"
    P"5E ? ? ? 46 ? ? 40 ? 35 ? 6F 7F 56 ? ? 6E" +1 A ="SP save structure"
    P"5E ? ? ? 34 ? 41 ? 39 ? 5D ? ? ?"          +1 A ="Mission definition global"
    P"5E ? ? ? 46 ? ? 35 ? 39 ? 38 ? 5E ? ? ?"   +1 A ="Flow global"                +4 W ="Backup strand positions"
    P"52 ? ? 35 ? 2E ? ?"                        +1 W ="Character struct"
    P"53 ? ? 38 ? 08"                            +1 W ="SP gamestate"